time_s,active,finished,mean_travel_time_s,throughput_vps
